#-----------------------------------------------------------
# Vivado v2017.3 (64-bit)
# SW Build 2018833 on Wed Oct  4 19:58:22 MDT 2017
# IP Build 2016188 on Wed Oct  4 21:52:56 MDT 2017
# Start of session at: Sun Nov 18 23:37:01 2018
# Process ID: 4964
# Current directory: C:/Users/Misca/Beuth_Embedded_Design/Master/GITrepo/CES_AMS/KES/Lab1/A1_A2
# Command line: vivado.exe -gui_launcher_event rodinguilauncherevent6524 C:\Users\Misca\Beuth_Embedded_Design\Master\GITrepo\CES_AMS\KES\Lab1\A1_A2\A1_A2.xpr
# Log file: C:/Users/Misca/Beuth_Embedded_Design/Master/GITrepo/CES_AMS/KES/Lab1/A1_A2/vivado.log
# Journal file: C:/Users/Misca/Beuth_Embedded_Design/Master/GITrepo/CES_AMS/KES/Lab1/A1_A2\vivado.jou
#-----------------------------------------------------------
start_gui
open_project C:/Users/Misca/Beuth_Embedded_Design/Master/GITrepo/CES_AMS/KES/Lab1/A1_A2/A1_A2.xpr
update_compile_order -fileset sources_1
launch_sdk -workspace C:/Users/Misca/Beuth_Embedded_Design/Master/GITrepo/CES_AMS/KES/Lab1/A1_A2/A1_A2.sdk -hwspec C:/Users/Misca/Beuth_Embedded_Design/Master/GITrepo/CES_AMS/KES/Lab1/A1_A2/A1_A2.sdk/design_1_wrapper.hdf
